LAYER
  NAME empty_mask
  STATUS OFF
  TYPE POLYGON
  PROJECTION
    "+proj=laea"
    "+lat_0=45"
    "+lon_0=-100"
    "+x_0=0"
    "+y_0=0"
    "+a=6370997"
    "+b=6370997"
    "+units=m"
    "+no_defs"
  END
  FEATURE
    POINTS
      -2401951.937575 -2238222.70389
      2345858.525679 -2238222.70389
      2345858.525679 967021.455769
      -2401951.937575 967021.455769
      -2401951.937575 -2238222.70389
    END
  END
  CLASS
    STYLE
      OPACITY 100
      COLOR 255 255 255
    END
  END
  METADATA
    "is_empty_mask" "true"
  END
END

LAYER
  NAME MaskForForest
  PROJECTION
    "+proj=laea"
    "+lat_0=45"
    "+lon_0=-100"
    "+x_0=0"
    "+y_0=0"
    "+a=6370997"
    "+b=6370997"
    "+units=m"
    "+no_defs"
  END
  TYPE     RASTER
  STATUS   OFF
  DATA     ../fsdata1/fsdata-internal/efetac_nasa/Mask/updated_masks_2020_2021/fw3_all_forests_mask.img
  CLASS
    EXPRESSION ([pixel] > 0)
    STYLE
      COLOR 0 0 0
    END
  END
  METADATA
    "wms_title"             "MaskForForest_Mask_file"
    "wms_extent"            "-2401951.937575, -2238222.70389, 2345858.525679, 967021.455769"
    "wms_abstract"          "MaskForForest"
    "wcs_label"             "MaskForForest"
    "wcs_rangeset_name"     "MaskForForest"
    "wcs_rangeset_label"    "MaskForForest"
  END  # end METADATA
END # end LAYER

LAYER
  NAME MaskForAgriculture
  PROJECTION
    "+proj=laea"
    "+lat_0=45"
    "+lon_0=-100"
    "+x_0=0"
    "+y_0=0"
    "+a=6370997"
    "+b=6370997"
    "+units=m"
    "+no_defs"
  END
  GROUP Masks
  TYPE     RASTER
  STATUS   OFF
  DATA     ../fsdata1/fsdata-internal/efetac_nasa/Mask/updated_masks_2020_2021/fw3_crops_mask.img
  CLASS
    EXPRESSION ([pixel] = 1)
    STYLE
      COLOR 0 0 0
    END
  END
  METADATA
    "wms_title"             "MaskForAgriculture_Mask_File"
    "wms_extent"            "-2401951.937575, -2238222.70389, 2345858.525679, 967021.455769"
    "wms_abstract"          "MaskForAgriculture"
    "wcs_label"             "MaskForAgriculture"
    "wcs_rangeset_name"     "MaskForAgriculture"
    "wcs_rangeset_label"    "MaskForAgriculture"
  END  # end METADATA
END # end LAYER

LAYER
  NAME MaskForConiferForest
  PROJECTION
    "+proj=laea"
    "+lat_0=45"
    "+lon_0=-100"
    "+x_0=0"
    "+y_0=0"
    "+a=6370997"
    "+b=6370997"
    "+units=m"
    "+no_defs"
  END
  TYPE     RASTER
  STATUS   OFF
  DATA     ../fsdata1/fsdata-internal/efetac_nasa/Mask/updated_masks_2020_2021/fw3_evergreen_forest_mask.img
  CLASS
    EXPRESSION ([pixel] > 0)
    STYLE
      COLOR 0 0 0
    END
  END
  METADATA
    "wms_title"             "MaskForConiferForest"
    "wms_extent"            "-2401951.937575, -2238222.70389, 2345858.525679, 967021.455769"
    "wms_abstract"          "MaskForConiferForest"
    "wcs_label"             "MaskForConiferForest"
    "wcs_rangeset_name"     "MaskForConiferForest"
    "wcs_rangeset_label"    "MaskForConiferForest"
  END  # end METADATA
END # end LAYER

LAYER
  NAME MaskForDeciduousForest
  PROJECTION
    "+proj=laea"
    "+lat_0=45"
    "+lon_0=-100"
    "+x_0=0"
    "+y_0=0"
    "+a=6370997"
    "+b=6370997"
    "+units=m"
    "+no_defs"
  END
  TYPE     RASTER
  STATUS   OFF
  DATA     ../fsdata1/fsdata-internal/efetac_nasa/Mask/updated_masks_2020_2021/fw3_deciduous_forest_mask.img
  CLASS
    EXPRESSION ([pixel] > 0)
    STYLE
      COLOR 0 0 0
    END
  END
  METADATA
    "wms_title"             "MaskForDeciduousForest"
    "wms_extent"            "-2401951.937575, -2238222.70389, 2345858.525679, 967021.455769"
    "wms_abstract"          "MaskForDeciduousForest"
    "wcs_label"             "MaskForDeciduousForest"
    "wcs_rangeset_name"     "MaskForDeciduousForest"
    "wcs_rangeset_label"    "MaskForDeciduousForest"
  END  # end METADATA
END # end LAYER

LAYER
  NAME MaskForGrass
  PROJECTION
    "+proj=laea"
    "+lat_0=45"
    "+lon_0=-100"
    "+x_0=0"
    "+y_0=0"
    "+a=6370997"
    "+b=6370997"
    "+units=m"
    "+no_defs"
  END
  TYPE     RASTER
  STATUS   OFF
  DATA     ../fsdata1/fsdata-internal/efetac_nasa/Mask/updated_masks_2020_2021/fw3_grass_mask.img
  CLASS
    EXPRESSION ([pixel] > 0)
    STYLE
      COLOR 0 0 0
    END
  END
  METADATA
    "wms_title"             "MaskForGrass"
    "wms_extent"            "-2401951.937575, -2238222.70389, 2345858.525679, 967021.455769"
    "wms_abstract"          "MaskForGrass"
    "wcs_label"             "MaskForGrass"
    "wcs_rangeset_name"     "MaskForGrass"
    "wcs_rangeset_label"    "MaskForGrass"
  END  # end METADATA
END # end LAYER

LAYER
  NAME MaskForMixedForest
  PROJECTION
    "+proj=laea"
    "+lat_0=45"
    "+lon_0=-100"
    "+x_0=0"
    "+y_0=0"
    "+a=6370997"
    "+b=6370997"
    "+units=m"
    "+no_defs"
  END
  TYPE     RASTER
  STATUS   OFF
  DATA     ../fsdata1/fsdata-internal/efetac_nasa/Mask/updated_masks_2020_2021/fw3_mixed_forest_mask.img
  CLASS
    EXPRESSION ([pixel] > 0)
    STYLE
      COLOR 0 0 0
    END
  END
  METADATA
    "wms_title"             "MaskForMixedForest"
    "wms_extent"            "-2401951.937575, -2238222.70389, 2345858.525679, 967021.455769"
    "wms_abstract"          "MaskForMixedForest"
    "wcs_label"             "MaskForMixedForest"
    "wcs_rangeset_name"     "MaskForMixedForest"
    "wcs_rangeset_label"    "MaskForMixedForest"
  END  # end METADATA
END # end LAYER

LAYER
  NAME MaskForNonVegetated
  PROJECTION
    "+proj=laea"
    "+lat_0=45"
    "+lon_0=-100"
    "+x_0=0"
    "+y_0=0"
    "+a=6370997"
    "+b=6370997"
    "+units=m"
    "+no_defs"
  END
  TYPE     RASTER
  STATUS   OFF
  DATA     ../fsdata1/fsdata-internal/efetac_nasa/Mask/updated_masks_2020_2021/fw3_non_vegetated_mask.img
  CLASS
    EXPRESSION ([pixel] > 0)
    STYLE
      COLOR 0 0 0
    END
  END
  METADATA
    "wms_title"             "MaskForNonVegetated"
    "wms_extent"            "-2401951.937575, -2238222.70389, 2345858.525679, 967021.455769"
    "wms_abstract"          "MaskForNonVegetated"
    "wcs_label"             "MaskForNonVegetated"
    "wcs_rangeset_name"     "MaskForNonVegetated"
    "wcs_rangeset_label"    "MaskForNonVegetated"
  END  # end METADATA
END # end LAYER

LAYER
  NAME MaskForShrubland
  PROJECTION
    "+proj=laea"
    "+lat_0=45"
    "+lon_0=-100"
    "+x_0=0"
    "+y_0=0"
    "+a=6370997"
    "+b=6370997"
    "+units=m"
    "+no_defs"
  END
  TYPE     RASTER
  STATUS   OFF
  DATA     ../fsdata1/fsdata-internal/efetac_nasa/Mask/updated_masks_2020_2021/fw3_shrubland_mask.img
  CLASS
    EXPRESSION ([pixel] > 0)
    STYLE
      COLOR 0 0 0
    END
  END
  METADATA
    "wms_title"             "MaskForShrubland"
    "wms_extent"            "-2401951.937575, -2238222.70389, 2345858.525679, 967021.455769"
    "wms_abstract"          "MaskForShrubland"
    "wcs_label"             "MaskForShrubland"
    "wcs_rangeset_name"     "MaskForShrubland"
    "wcs_rangeset_label"    "MaskForShrubland"
  END  # end METADATA
END # end LAYER

LAYER
  NAME MaskForUrban
  PROJECTION
    "+proj=laea"
    "+lat_0=45"
    "+lon_0=-100"
    "+x_0=0"
    "+y_0=0"
    "+a=6370997"
    "+b=6370997"
    "+units=m"
    "+no_defs"
  END
  TYPE     RASTER
  STATUS   OFF
  DATA     ../fsdata1/fsdata-internal/efetac_nasa/Mask/updated_masks_2020_2021/fw3_urban_mask.img
  CLASS
    EXPRESSION ([pixel] > 0)
    STYLE
      COLOR 0 0 0
    END
  END
  METADATA
    "wms_title"             "MaskForUrban"
    "wms_extent"            "-2401951.937575, -2238222.70389, 2345858.525679, 967021.455769"
    "wms_abstract"          "MaskForUrban"
    "wcs_label"             "MaskForUrban"
    "wcs_rangeset_name"     "MaskForUrban"
    "wcs_rangeset_label"    "MaskForUrban"
  END  # end METADATA
END # end LAYER

LAYER
  NAME MaskForWetland
  PROJECTION
    "+proj=laea"
    "+lat_0=45"
    "+lon_0=-100"
    "+x_0=0"
    "+y_0=0"
    "+a=6370997"
    "+b=6370997"
    "+units=m"
    "+no_defs"
  END
  TYPE     RASTER
  STATUS   OFF
  DATA     ../fsdata1/fsdata-internal/efetac_nasa/Mask/updated_masks_2020_2021/fw3_non_woody_wetland_mask.img
  CLASS
    EXPRESSION ([pixel] > 0)
    STYLE
      COLOR 0 0 0
    END
  END
  METADATA
    "wms_title"             "MaskForWetland"
    "wms_extent"            "-2401951.937575, -2238222.70389, 2345858.525679, 967021.455769"
    "wms_abstract"          "MaskForWetland"
    "wcs_label"             "MaskForWetland"
    "wcs_rangeset_name"     "MaskForWetland"
    "wcs_rangeset_label"    "MaskForWetland"
  END  # end METADATA
END # end LAYER